// Jest Snapshot v1, https://goo.gl/fbAQLP

exports[`should test Home component 1`] = `ShallowWrapper {}`;
