// Jest Snapshot v1, https://goo.gl/fbAQLP

exports[`should test Calendar component 1`] = `ShallowWrapper {}`;
