// Jest Snapshot v1, https://goo.gl/fbAQLP

exports[`should test ErrorComponent component 1`] = `ShallowWrapper {}`;
